// Jest Snapshot v1, https://goo.gl/fbAQLP

exports[`<Posts /> should match snapchot 1`] = `
<div
  class="posts"
>
  <div
    class="post"
  >
    <img
      alt="Lorem ipsum title 1"
      src="img/img1.png"
    />
    <div
      class="post-content"
    >
      <h2>
        Lorem ipsum title 1
      </h2>
      <p>
        Lorem ipsum body 1
      </p>
    </div>
  </div>
  <div
    class="post"
  >
    <img
      alt="Lorem ipsum title 2"
      src="img/img2.png"
    />
    <div
      class="post-content"
    >
      <h2>
        Lorem ipsum title 2
      </h2>
      <p>
        Lorem ipsum body 2
      </p>
    </div>
  </div>
  <div
    class="post"
  >
    <img
      alt="Lorem ipsum title 3"
      src="img/img3.png"
    />
    <div
      class="post-content"
    >
      <h2>
        Lorem ipsum title 3
      </h2>
      <p>
        Lorem ipsum body 3
      </p>
    </div>
  </div>
</div>
`;
