// Jest Snapshot v1, https://goo.gl/fbAQLP

exports[`<SearchInput /> should match snapchot 1`] = `
<label>
  <input
    class="search-input"
    placeholder="Type to search..."
    type="search"
    value=""
  />
</label>
`;
